[dalpromryba.1trb.ru/index.html]
[backblue.gif]
[fade.gif]
[index.html]
[dalpromryba.1trb.ru/assets/img/favicon.png]
[dalpromryba.1trb.ru/assets/css/plugins.css]
[dalpromryba.1trb.ru/assets/css/style.css]
[dalpromryba.1trb.ru/assets/css/colors/navy.css]
[dalpromryba.1trb.ru/assets/css/dalprom.css]
[dalpromryba.1trb.ru/assets/css/fonts/gilroy/stylesheet.css]
[dalpromryba.1trb.ru/assets/css/fonts/awesome/css/all.min.css]
[dalpromryba.1trb.ru/index-2.html]
[dalpromryba.1trb.ru/assets/img/logo.png]
[dalpromryba.1trb.ru/assets/img/logo-light.png]
[dalpromryba.1trb.ru/services.html]
[dalpromryba.1trb.ru/about.html]
[dalpromryba.1trb.ru/production.html]
[dalpromryba.1trb.ru/contacts.html]
[dalpromryba.1trb.ru/assets/img/slide-1.jpg]
[dalpromryba.1trb.ru/assets/img/production1.png]
[dalpromryba.1trb.ru/assets/img/maguro-logo-white.png]
[dalpromryba.1trb.ru/assets/img/production2.png]
[dalpromryba.1trb.ru/assets/img/kapitan-logo.png]
[dalpromryba.1trb.ru/assets/img/client-1.jpg]
[dalpromryba.1trb.ru/assets/img/client-2.jpg]
[dalpromryba.1trb.ru/assets/img/client-3.jpg]
[dalpromryba.1trb.ru/assets/img/client-4.jpg]
[dalpromryba.1trb.ru/assets/img/client-5.jpg]
[dalpromryba.1trb.ru/assets/img/recipies.jpg]
[dalpromryba.1trb.ru/assets/img/logo-light@2x.png]
[dalpromryba.1trb.ru/assets/js/plugins.js]
[dalpromryba.1trb.ru/assets/js/theme.js]
[dalpromryba.1trb.ru/assets/js/dalprom.js]
[dalpromryba.1trb.ru/index.html]
[dalpromryba.1trb.ru/assets/css/plugins.css]
[dalpromryba.1trb.ru/assets/css/style.css]
[dalpromryba.1trb.ru/assets/css/colors/navy.css]
[dalpromryba.1trb.ru/assets/img/bg-menu.jpg]
[dalpromryba.1trb.ru/assets/css/dalprom.css]
[dalpromryba.1trb.ru/assets/css/fonts/gilroy/stylesheet.css]
[dalpromryba.1trb.ru/assets/css/fonts/awesome/webfonts/fa-brands-400.eot]
[dalpromryba.1trb.ru/assets/css/fonts/awesome/webfonts/fa-brands-400d41d.eot]
[dalpromryba.1trb.ru/assets/css/fonts/awesome/webfonts/fa-brands-400.woff]
[dalpromryba.1trb.ru/assets/css/fonts/awesome/webfonts/fa-brands-400.ttf]
[dalpromryba.1trb.ru/assets/css/fonts/awesome/webfonts/fa-duotone-900.eot]
[dalpromryba.1trb.ru/assets/css/fonts/awesome/webfonts/fa-brands-400.svg]
[dalpromryba.1trb.ru/assets/css/fonts/awesome/webfonts/fa-duotone-900d41d.eot]
[dalpromryba.1trb.ru/assets/css/fonts/awesome/webfonts/fa-duotone-900.woff]
[dalpromryba.1trb.ru/assets/css/fonts/awesome/webfonts/fa-duotone-900.ttf]
[dalpromryba.1trb.ru/assets/css/fonts/awesome/webfonts/fa-light-300.eot]
[dalpromryba.1trb.ru/assets/css/fonts/awesome/webfonts/fa-light-300d41d.eot]
[dalpromryba.1trb.ru/assets/css/fonts/awesome/webfonts/fa-duotone-900.svg]
[dalpromryba.1trb.ru/assets/css/fonts/awesome/webfonts/fa-light-300.woff]
[dalpromryba.1trb.ru/assets/css/fonts/awesome/webfonts/fa-light-300.ttf]
[dalpromryba.1trb.ru/assets/css/fonts/awesome/webfonts/fa-regular-400.eot]
[dalpromryba.1trb.ru/assets/css/fonts/awesome/webfonts/fa-regular-400d41d.eot]
[dalpromryba.1trb.ru/assets/css/fonts/awesome/webfonts/fa-light-300.svg]
[dalpromryba.1trb.ru/assets/css/fonts/awesome/webfonts/fa-regular-400.woff]
[dalpromryba.1trb.ru/assets/css/fonts/awesome/webfonts/fa-regular-400.ttf]
[dalpromryba.1trb.ru/assets/css/fonts/awesome/webfonts/fa-solid-900.eot]
[dalpromryba.1trb.ru/assets/css/fonts/awesome/webfonts/fa-solid-900d41d.eot]
[dalpromryba.1trb.ru/assets/css/fonts/awesome/webfonts/fa-regular-400.svg]
[dalpromryba.1trb.ru/assets/css/fonts/awesome/webfonts/fa-solid-900.woff]
[dalpromryba.1trb.ru/assets/css/fonts/awesome/webfonts/fa-solid-900.ttf]
[dalpromryba.1trb.ru/assets/css/fonts/awesome/css/all.min.css]
[dalpromryba.1trb.ru/index-2.html]
[dalpromryba.1trb.ru/assets/img/slide-4.jpg]
[dalpromryba.1trb.ru/assets/img/production.jpg]
[dalpromryba.1trb.ru/assets/img/design.jpg]
[dalpromryba.1trb.ru/assets/css/fonts/awesome/webfonts/fa-solid-900.svg]
[dalpromryba.1trb.ru/assets/img/chef.jpg]
[dalpromryba.1trb.ru/assets/img/moreproduct.jpg]
[dalpromryba.1trb.ru/assets/img/ship.jpg]
[dalpromryba.1trb.ru/pic/news/thumbs/lab.jpg]
[dalpromryba.1trb.ru/pic/news/thumbs/marketing_7.jpg]
[dalpromryba.1trb.ru/pic/news/thumbs/analytics_src.jpg]
[dalpromryba.1trb.ru/pic/news/thumbs/production_sqr.jpg]
[dalpromryba.1trb.ru/pic/news/thumbs/logistic_1.jpg]
[dalpromryba.1trb.ru/services.html]
[dalpromryba.1trb.ru/assets/img/slide-2.jpg]
[dalpromryba.1trb.ru/pic/news/thumbs/medal.jpg]
[dalpromryba.1trb.ru/pic/news/thumbs/medal2.jpg]
[dalpromryba.1trb.ru/pic/news/thumbs/what.jpg]
[dalpromryba.1trb.ru/pic/news/thumbs/mission_sqr.jpg]
[dalpromryba.1trb.ru/pic/news/thumbs/ship_src.jpg]
[dalpromryba.1trb.ru/pic/news/thumbs/tsennosti_src.jpg]
[dalpromryba.1trb.ru/assets/img/icons/team-blue.png]
[dalpromryba.1trb.ru/about.html]
[dalpromryba.1trb.ru/assets/img/slide-5.jpg]
[dalpromryba.1trb.ru/production.html]
[dalpromryba.1trb.ru/assets/img/slide-6.jpg]
[dalpromryba.1trb.ru/contacts.html]
[dalpromryba.1trb.ru/assets/img/contacts.jpg]
[dalpromryba.1trb.ru/assets/img/overbg.html]
[dalpromryba.1trb.ru/assets/img/waves-light.html]
[dalpromryba.1trb.ru/assets/img/svg/blob4.svg]
[dalpromryba.1trb.ru/assets/img/svg/ellipse1.svg]
[dalpromryba.1trb.ru/assets/css/fonts/gilroy/gilroy-black.html]
[dalpromryba.1trb.ru/assets/css/fonts/gilroy/gilroy-black.woff]
[dalpromryba.1trb.ru/assets/css/fonts/gilroy/gilroy-blackitalic.html]
[dalpromryba.1trb.ru/assets/css/fonts/gilroy/gilroy-blackitalic.woff]
[dalpromryba.1trb.ru/assets/css/fonts/gilroy/gilroy-bold.html]
[dalpromryba.1trb.ru/assets/css/fonts/gilroy/gilroy-bold.woff]
[dalpromryba.1trb.ru/assets/css/fonts/gilroy/gilroy-bolditalic.html]
[dalpromryba.1trb.ru/assets/css/fonts/gilroy/gilroy-bolditalic.woff]
[dalpromryba.1trb.ru/assets/css/fonts/gilroy/gilroy-heavy.html]
[dalpromryba.1trb.ru/assets/css/fonts/gilroy/gilroy-heavy.woff]
[dalpromryba.1trb.ru/assets/css/fonts/gilroy/gilroy-heavyitalic.html]
[dalpromryba.1trb.ru/assets/css/fonts/gilroy/gilroy-heavyitalic.woff]
[dalpromryba.1trb.ru/assets/css/fonts/gilroy/gilroy-medium.html]
[dalpromryba.1trb.ru/assets/css/fonts/gilroy/gilroy-medium.woff]
[dalpromryba.1trb.ru/assets/css/fonts/gilroy/gilroy-mediumitalic.html]
[dalpromryba.1trb.ru/assets/css/fonts/gilroy/gilroy-mediumitalic.woff]
[dalpromryba.1trb.ru/assets/css/fonts/gilroy/gilroy-regular.html]
[dalpromryba.1trb.ru/assets/css/fonts/gilroy/gilroy-regular.woff]
[dalpromryba.1trb.ru/assets/css/fonts/gilroy/gilroy-regularitalic.html]
[dalpromryba.1trb.ru/assets/css/fonts/gilroy/gilroy-regularitalic.woff]
[dalpromryba.1trb.ru/assets/css/fonts/gilroy/gilroy-semibold.html]
[dalpromryba.1trb.ru/assets/css/fonts/gilroy/gilroy-semibold.woff]
[dalpromryba.1trb.ru/assets/css/fonts/gilroy/gilroy-semibolditalic.html]
[dalpromryba.1trb.ru/assets/css/fonts/gilroy/gilroy-semibolditalic.woff]
[dalpromryba.1trb.ru/assets/css/fonts/gilroy/gilroy-thin.html]
[dalpromryba.1trb.ru/assets/css/fonts/gilroy/gilroy-thin.woff]
[dalpromryba.1trb.ru/assets/css/fonts/gilroy/gilroy-thinitalic.html]
[dalpromryba.1trb.ru/assets/css/fonts/gilroy/gilroy-thinitalic.woff]
[dalpromryba.1trb.ru/assets/css/fonts/gilroy/gilroy-ultralight.html]
[dalpromryba.1trb.ru/assets/css/fonts/gilroy/gilroy-ultralight.woff]
[dalpromryba.1trb.ru/assets/css/fonts/gilroy/gilroy-ultralightitalic.html]
[dalpromryba.1trb.ru/assets/css/fonts/gilroy/gilroy-ultralightitalic.woff]
[dalpromryba.1trb.ru/assets/css/fonts/awesome/webfonts/fa-brands-400.html]
[dalpromryba.1trb.ru/assets/css/fonts/awesome/webfonts/fa-brands-400.svg]
[dalpromryba.1trb.ru/assets/css/fonts/awesome/webfonts/fa-duotone-900.html]
[dalpromryba.1trb.ru/assets/css/fonts/awesome/webfonts/fa-duotone-900.svg]
[dalpromryba.1trb.ru/assets/css/fonts/awesome/webfonts/fa-light-300.html]
[dalpromryba.1trb.ru/assets/css/fonts/awesome/webfonts/fa-light-300.svg]
[dalpromryba.1trb.ru/assets/css/fonts/awesome/webfonts/fa-regular-400.html]
[dalpromryba.1trb.ru/assets/css/fonts/awesome/webfonts/fa-regular-400.svg]
[dalpromryba.1trb.ru/assets/css/fonts/awesome/webfonts/fa-solid-900.html]
[dalpromryba.1trb.ru/assets/css/fonts/awesome/webfonts/fa-solid-900.svg]
